---------------------------
Failed to write app endpoint /page

Caused by:
- [project]/app/globals.css [app-client] (css)
- failed to write to "/Users/grindandghost/Desktop/cdvrs-site/.next/dev/build/postcss.js"
- No space left on device (os error 28)

Debug info:
- Execution of get_written_endpoint_with_issues_operation failed
- Execution of endpoint_write_to_disk failed
- Execution of <AppEndpoint as Endpoint>::output failed
- Failed to write app endpoint /page
- Execution of *all_asset_paths failed
- Execution of *AppEndpointOutput::output_assets failed
- Execution of AppEndpoint::output failed
- Execution of AppProject::app_module_graphs failed
- Execution of *<AppEndpoint as Endpoint>::additional_entries failed
- Execution of ModuleGraph::from_graphs failed
- Execution of ModuleGraph::create failed
- Execution of SingleModuleGraph::new_with_entries_visited_intern failed
- [project]/app/globals.css [app-client] (css)
- Execution of primary_chunkable_referenced_modules failed
- Execution of <CssModule as Module>::references failed
- Execution of parse_css failed
- Execution of <PostCssTransformedAsset as Asset>::content failed
- Execution of PostCssTransformedAsset::process failed
- Execution of evaluate_webpack_loader failed
- Execution of get_evaluate_pool failed
- failed to write to "/Users/grindandghost/Desktop/cdvrs-site/.next/dev/build/postcss.js"
- No space left on device (os error 28)
